From https://github.com/QAPP-tech/shipovnik_tc26
 * branch            a9139ef6178a6dfebac3ae328817a361f0e85256 -> FETCH_HEAD
HEAD is now at a9139ef Fix error by one in example
emcmake: cmake -S /var/folders/wz/rhjpp_9d3ql1ykjyrjtwjjwr0000gn/T//crypto-lab-shipovnik-a9139ef6178a6dfebac3ae328817a361f0e85256 -B /var/folders/wz/rhjpp_9d3ql1ykjyrjtwjjwr0000gn/T//crypto-lab-shipovnik-build-a9139ef6178a6dfebac3ae328817a361f0e85256 -DGOST_OPTIMIZATION=0 -DENTROPY_SOURCE=/dev/zero -DCMAKE_BUILD_TYPE=Release -DCMAKE_TOOLCHAIN_FILE=/opt/homebrew/Cellar/emscripten/6.0.10/libexec/cmake/Modules/Platform/Emscripten.cmake -DCMAKE_CROSSCOMPILING_EMULATOR=/opt/homebrew/opt/node/bin/node in directory /Users/gmcas/repos/.fleet-maintenance-20261009/tc26-pair
CMake Warning (deprecated) at streebog/CMakeLists.txt:1 (CMAKE_MINIMUM_REQUIRED):
  Compatibility with CMake < 3.10 will be removed from a future version of
  CMake.

  Update the VERSION argument <min> value.  Or, use the <min>...<max> syntax
  to tell CMake that the project requires at least <min> but has been updated
  to work with policies introduced by <max> or earlier.
This warning is for project developers.  Use -Wno-author or -Wno-deprecated
to suppress it.

-- GOST 34.11-2012 no optimization enabled
-- Configuring done (0.3s)
-- Generating done (0.0s)
-- Build files have been written to: /var/folders/wz/rhjpp_9d3ql1ykjyrjtwjjwr0000gn/T/crypto-lab-shipovnik-build-a9139ef6178a6dfebac3ae328817a361f0e85256
[  8%] Building C object streebog/CMakeFiles/streebog.dir/gost3411-2012-core.c.o
In file included from /var/folders/wz/rhjpp_9d3ql1ykjyrjtwjjwr0000gn/T/crypto-lab-shipovnik-a9139ef6178a6dfebac3ae328817a361f0e85256/streebog/gost3411-2012-core.c:10:
/var/folders/wz/rhjpp_9d3ql1ykjyrjtwjjwr0000gn/T/crypto-lab-shipovnik-a9139ef6178a6dfebac3ae328817a361f0e85256/streebog/gost3411-2012-core.h:28:1: warning: attribute '__aligned__' is ignored, place it after "union" to apply attribute to type declaration [-Wignored-attributes]
   28 | ALIGN(16) union uint512_u
      | ^
/var/folders/wz/rhjpp_9d3ql1ykjyrjtwjjwr0000gn/T/crypto-lab-shipovnik-a9139ef6178a6dfebac3ae328817a361f0e85256/streebog/gost3411-2012-core.h:15:34: note: expanded from macro 'ALIGN'
   15 | #define ALIGN(x) __attribute__ ((__aligned__(x)))
      |                                  ^
1 warning generated.
[ 16%] Linking C static library libstreebog.a
[ 16%] Built target streebog
[ 25%] Building C object CMakeFiles/shipovnik.dir/src/h_prime.c.o
[ 33%] Building C object CMakeFiles/shipovnik.dir/src/genvector.c.o
[ 41%] Building C object CMakeFiles/shipovnik.dir/src/shipovnik.c.o
[ 50%] Building C object CMakeFiles/shipovnik.dir/src/randombytes.c.o
[ 66%] Building C object CMakeFiles/shipovnik.dir/src/hash.c.o
[ 66%] Building C object CMakeFiles/shipovnik.dir/src/multiword.c.o
[ 75%] Building C object CMakeFiles/shipovnik.dir/src/syndrome.c.o
[ 83%] Building C object CMakeFiles/shipovnik.dir/src/utils.c.o
[ 91%] Building C object CMakeFiles/shipovnik.dir/src/sign.c.o
In file included from /var/folders/wz/rhjpp_9d3ql1ykjyrjtwjjwr0000gn/T/crypto-lab-shipovnik-a9139ef6178a6dfebac3ae328817a361f0e85256/src/hash.c:30:
/var/folders/wz/rhjpp_9d3ql1ykjyrjtwjjwr0000gn/T/crypto-lab-shipovnik-a9139ef6178a6dfebac3ae328817a361f0e85256/streebog/gost3411-2012-core.h:28:1: warning: attribute '__aligned__' is ignored, place it after "union" to apply attribute to type declaration [-Wignored-attributes]
   28 | ALIGN(16) union uint512_u
      | ^
/var/folders/wz/rhjpp_9d3ql1ykjyrjtwjjwr0000gn/T/crypto-lab-shipovnik-a9139ef6178a6dfebac3ae328817a361f0e85256/streebog/gost3411-2012-core.h:15:34: note: expanded from macro 'ALIGN'
   15 | #define ALIGN(x) __attribute__ ((__aligned__(x)))
      |                                  ^
1 warning generated.
[100%] Linking C static library libshipovnik.a
[100%] Built target shipovnik
Built /Users/gmcas/repos/.fleet-maintenance-20261009/tc26-pair/src/wasm/shipovnik.js and /Users/gmcas/repos/.fleet-maintenance-20261009/tc26-pair/src/wasm/shipovnik.wasm
